﻿[dotenv@17.3.1] injecting env (7) from .env -- tip: ≡ƒ¢á∩╕Å  run anywhere with `dotenvx run -- yourcommand`
node : Initialization failed: Error: 
Cannot find module 
'.prisma/client/default'
At line:1 char:1
+ node test_db.js > test_output.txt 
2>&1; Get-Content test_output.txt
+ 
~~~~~~~~~~~~~~~~~~~~~~~~~~~~~~~~~~~~~~
    + CategoryInfo          : NotSpeci 
   fied: (Initialization ...client/de  
  fault':String) [], RemoteException
    + FullyQualifiedErrorId : NativeCo 
   mmandError
 
Require stack:
- C:\Users\User\OneDrive\Desktop\habit 
tracker\backend\node_modules\@prisma\cl
ient\default.js
- C:\Users\User\OneDrive\Desktop\habit 
tracker\backend\config\db.js
- C:\Users\User\OneDrive\Desktop\habit 
tracker\backend\test_db.js
    at Module._resolveFilename (node:in
ternal/modules/cjs/loader:1420:15)
    at defaultResolveImpl (node:interna
l/modules/cjs/loader:1058:19)
    at resolveForCJSWithHooks (node:int
ernal/modules/cjs/loader:1063:22)
    at Module._load (node:internal/modu
les/cjs/loader:1226:37)
    at TracingChannel.traceSync 
(node:diagnostics_channel:328:14)
    at wrapModuleLoad (node:internal/mo
dules/cjs/loader:244:24)
    at Module.require (node:internal/mo
dules/cjs/loader:1503:12)
    at require 
(node:internal/modules/helpers:152:16)
    at Object.<anonymous> 
(C:\Users\User\OneDrive\Desktop\habit t
racker\backend\node_modules\@prisma\cli
ent\default.js:2:6)
    at Module._compile (node:internal/m
odules/cjs/loader:1760:14) {
  code: 'MODULE_NOT_FOUND',
  requireStack: [
    'C:\\Users\\User\\OneDrive\\Desktop
\\habit tracker\\backend\\node_modules\
\@prisma\\client\\default.js',
    'C:\\Users\\User\\OneDrive\\Desktop
\\habit 
tracker\\backend\\config\\db.js',
    'C:\\Users\\User\\OneDrive\\Desktop
\\habit tracker\\backend\\test_db.js'
  ]
}
